TTAATCGCGATGGTAAATAACTCGCTCACAAGGTGCGTTTAGTCATTTTTGTTACCGACGTTTGAGGCCGGACGGCTAGCGAGGACACACTCATCTGAAG
CCGATTGCATGAGAGAAGAACTGCTGTTTTTTATTTTGTTCATGAACGATATCTGGGGTCTTTGACGTGGTGCTTACGAAATCCAATCTTTAGTCCGGGT
GTCTGCACGTTGGATAGAAGGCGAAACGCAGGATTTGCTATCAGCCCGCTGCCCCGATCTAGGTAGAACATGACGTTTGGTACGTGAACTGGACGCAAAC
AGGATCGCGCACTCCTCTACCGACGAGCCGCGGCCAGTCCAGAGAAACTATTCGGGATGCTGACCAAGGCAGTTACCCTGAGTCTAGAAAATAAGAAATG
TTGCCCGGCACTAGCACCTAGGGGTACAACTATCACACTGTCAATTCCTTAGGTATTTGTCTCGTTCTCGTTCCATGGTTTCTCAGATAGATAGGCTATG
ATGCAGTCAAAGACAATTTCGAGCTGGACCATTAAATGGGAGCTTTCCAAACATCCAATGGAGTACTACGATACATCATTTTTCGGGGTTGAGACCCACT
TTCCCCCCTACGCGCCATCACGATAAACGAAGTCCGACGTGTTGCATTCTAGACACGAACATCTTGGATGACATTGTAATTTGAAACCGGTCTGTCTTCG
TTTATGTTCTCATTGACTCCTCATTGCTGACCTGAACCCGTGTTACGCACGTCCATCGTTACTCGTCCAAGGGCTCACAATGCACTAGCGTAACAGTTCG
GAACGGATATGAGTAAACATGTCTAGGGAATTTCCCGCAACTTGGAAAGCACTTACGCGCGAGGCGATCTCTCGTCAATGACAGTAGCAGTAGGGCATTT
GTTTCCAAACACTCTGACTGTAGTGACGGCGGTAATTTATCGAGCTGGCTTTTCATTTAGCGGGAGGCTCTATTCGGTATAATCGAAACTTAACGCTAGA
CGGAGGTACCCAGCAATTGCCATATCTCATTCCTCTCCCAAATAGATAATCGGACTCAGGTGATAGCTCCTTATGCAACTGGCGATACAGGCGTTGGTCT
TCGTTAATGCCAGTGCCCAATCTGGCTGCTCCGGGCCGTGTGTCATTGGCCGTATGTTGCGATCCATGGAAGGAGAGTCGGGGAGCCACTCGTAATAGGC
TAGTATGGCGAATCCCTGAAGCGCATTTCACGCTTAGTGAATCCCCGGATCAACCGAGCACTCGTGGGATCCCGACGAACGACAGAGTACGCGCTTGGGG
CGGCCCGCGAGGAAGACTGGTCCTGCTTACCGAAAGATAATGTACGAAACACGTCGCTAAGCTAACGTCAGCAGGCTAGGCGAGTCACCGGTCTTAGAAG
AAGAATCAGGTAGTAAGTCCCATAAAGAACGGGATTTTCTCTATTGGGCACGACCAGGGCAAATGAGCTACCGAGCGGACGATTATGCTTCAATAGTGGA
AGGTGTACTTGATAGTCGCCTTTATAAGCCTAGCGCCGTGCGTTAAGCCGCATATGGACTGTGCCGCATTTTAATAACAGTAAGCCTTTACGTGTTGCCA
TGGCAGCATCCGTAGTAATCCGACCGATCCCAGGTGAGGAAGCTAAAGCTGCGCTGTGTACTTCTCAATCTTAAGTTTGCGGATGCCAAATTTTTCTCGA
TTTTAGGTAGAGGGGGCTCCTACACGGGCTCGAGCGCACAATCCAGAGCAATGCAGCTAGGTTTAATGGAGTCGGGCCACTACTAAGGTCTAACTGAAGG
TACATTCCCTTAAGAGCGGACCACCGGGCTTCACGATCGCACTCGGAATGATATCCATGTCTGCCACCGCTAATCTTGATTTCTGCCGTTCAGATGAAGA
AGCAAGGGTTTCGATTGCTTCTTACGTAAAGTACGAATTTAAGGAATCGAGCCACATGTTATCTGCGATGGTACGGATGTGAACGCATAGCGCGTGCCCC
AACACTACATATTCGCAGCCCCGTACATTTTACAGTATTTGATGCTGAGGATAGGAACGGTTATATGATTTGCCATAATACTCTAACGGAGTACGCTCTT
TCGCATAGAGGTAACGACCTACGGAGCTACGGACTGAGCTTGGAACAGGCAGAGTCCTTACTTAACGGGTCTAGAACCAACTTATGAGACACGTAACCTA
TGATGCGCGTGCACTCCGTGAAGAGCACACTACATTAATGTCAGCCGTAGCCGATAACTGGGCTTTAAATGAGGGTTATTCATGAAGTACTAGGAAGTTC
GAGGATAACCTGAGGTCTTGTGGCGATTGTACGATCGCAGACAGGGACCTTTCCGTTATAATGTGCGGGTGATTGACATGGCGAGGATTATGTGTGAAGT
GGTACGGTAGGGTTGGCACCCTGTGGCCAGGGCTCGCTCATGCTTAGACGGTAAGTGGGCTGGATGCCCCGGTCGGGTGGTCAAAGGTGGAGCAGAGTTA
TACAGATCGACATAGATGGTCTGCTGCTGCCCCCTCTTATTCTACCCGCCATAAGGCCTTGGAGAATGTTGAGCCGACTCATGAGTTTAGAGTCCTCCTG
CGGGTAAAGGCATCCGGCTAGAAGGAACGTGTTATTGTTACAGCCTAAAGGATCGCTTACAATGTTTTTCGTGATCTGGGATGTACTGAAAGAGTTTGTT
GGTCTAAATTGCAAACACAGACGGTTAGCCCTTGGTAAGGTGAACGAGACAGGTCGCGTTCCGTCGGGTGTGAACTCTAATCTTTCAACATAGGGTCCTT
CGACCGAGCCAGCACTGGCTATGAGCGGTGGCCCTATAGGAGCCATGAAATATCGGACGGGTCAGAGTTTCAGGAGGGGTAAGCTTGAGAAACCACTCAC
ATACGATGACCAAGTTGGAATTACTCGTTTACCATAAGTAGCGTGAGAAGCGGGGTGAAGTCAGACAAGCAGCTGCGCGCAGTTCGGAAACATGAAAGTG
GGTATTGTCACTTCCTCATTAGTCAGCTTCCAAACGTGGCGTGCCTCCTGTGTAATCGACTAGAACAATTCATCGTAACCCCCTTGCGGTTGATGTGGTC
CCCGGTAAGACCTAGATGCTTGACAATCAAGCAATAGGTTATTCGTAATTAGCGGGTAAGTAGGTAACCGAGATGTTAGCTAAATAATGTACCACTCGCA
CCTAGGTGGCGATAGAATCCTGTAACGCTTATCGTATATGTAAGCAAACGATGCTTAGGGTTCGCTCCCCGATGCCGGTGTGCGCCCACCTTCTGGAAAG
TGATGCCTCTAGCGGAAGTGATCAAAATGTTACAGTGTGCATTTTGATAAACATGCTCGAGCCAACCTCCCACAGACCCCGTCGGGCGAGGGGCGTGTAC
AATCCGCTCTTTACTGGCTAGGAGCACTAGGGGAGGAAGGATAGGGAGGAGGTGGACGGCGTAGGAGACCCTTCTTTATCACTATCGAAACCTATGTGCT
CCTACCGCCAAGGATTCACTGGGCCTAAGGTGCAGATCTTAAGAAGGTCCTCGAAGTAACGGTAGTGTTTACGAAACTCACGCACCAGCTCAACATTAGG
CCACGAGCGTTCTCCAAATAGGAACCGCTTCGGTCTGCGTTGCTATCCGTGACCTTGTGTAACGCTATGGTTGCTTCTGCTCTGATTACCCAGGGGTTGT
CGGACGAGCTAGACGACATGAGTCCACGTGAATGAGTCCCAGAAGTACGTTTCGTAGTTTACTTACTTTCCATGAACCCGGCATTGTAGTGACGGCTCTT
GCGTCACTGCTTACGTTTAGGACCTAATTTCTGCAGGATCCGACGTACACCGAATCATCTCTTCTGCCTCCCCCGCCAAGTACTCCTCGACGAAGACTAT
AACTAACGATATGGAGGTTCAAAGCGTTAAGGCGTGTCGCATATCCCCGCCTCTCGTATCCCCTTCGGGATGTTGCGCCGTCATCGTGAGAATGCACTCC
GGAGATAAGGTTACTATGGTTCCCTTCGGCGATGGTCCCGACCCCGAATTGAGAATTAGTACAACGATGAAAGACTGTTACGGGCTGCCAATGTATAGGA
ACTTTACGAATGAGACGTTCCCAGGTATCGAAGCCGTGTCTCACACGCGTCGACCCTGATGCGGCATGGTCATTGACTGGGCGGAAACGCCGCAAAGCGT
TTGGAACACCATCGTCCCGGCTCGCAAAGGAGAACCGGAGTATAAGTAAAGAGTCTCTCGTCCCGTCGGAAAGCCGTCTTTCTTCAGCAGAGGATGCGGT
TGTACTTCTAGAGCACCCCCAGTGGGACGCATGCGGTACAGACATTGTGTTCTACTGTGTAGTCCTGAGTCAATTGAAATCCACCAACCATGCAGGCCTC
TGGTATGCGAGCGATACTCTAAGCGAATCCGGAACTAATTACGATGCCCTAAAGCCCCGGCGTTAGAGTTTCTAGTTGAACTGGAACCACTATACAGTTA
GTCCCTGTTTTCCTCAAAGTTTCAGTTCGTTCGCTCGTGGACACCACCCCACGACCCCTTACTATGAGCGCTGTGCGCATATCCTTCCAAGTTCCAAACT
TGTTAGAAAGGCTACAAAAAATTCTGCCGCATTCGAGGACACATTCGAGGGTTTCTCTCATAGTAATTTTCACATTGTATGGGTCGAATCGTTAGATCTC
TGCAGAGGATTGCTTGGTCCAGCCGAGATACACCGCCTTCTCGGATAACTCGCATGAAAAGTTTAACCCAGATTTAAGAGGGCAAATACAACCGCCCGAT
AGGTGGTCACGGACATGACAACATAGCCTGGCGCTAACTCTCTAAGATGTTGTCATTTCGCCATCGGGAGCTACCTTCCCAGTTATACCCTTACTGTCTG
ATAGGAATCTACTAATGGTCAAAATGAAGTATCTGGATTATTAGTTGTAACCCGAGTGCGCAGCGTAAGATTCTTATGCACAGAGATGGTGCTCGTCGGT
GAGGCCCCCATCGTATAGCCGTTAAAACTCGCTTAGCGCCCCTATGTACTGATCATCTGTCCACCAGGGGTTCAATCCATCTACCGAATGGGCAGCATTT
AGTACTACAATGCCACACAAGATGCCCTCGACCTGCAAGTCTATGAGGAGGGTAATCCCGAGCGCGGTAACAGCTTCTCGGGCTTAAGCTAATAATCTGG
CATTCGTCAATGATCTGGCCTCAAGAGGCCCTGGCCTCACTTCTGTGCCAAATTATCAGCCCAACATACCAATTAACGTACTTTCTGGGGGATAATTGTG
TTGTCTGGGGCTCAGTGCTTTGGCTTTACCTCCAAAAACAAATGTTCCAGCGCAGGTCACCGAGCCGGCTTTGGTAGTCTTTAACATTTGCGTAAGTATG
TGCTGGCGGGTTACCACACGACGCTGCCGGCAACATTGATCGCACCCGCTACAGAGGAATTCTGTGACTTACAATCATTAGTGAATTATCCGATAACATG
TCGTATTAGGAACATAGTTCTATCTTTAGTAAATTGCAGTAGGTTCTGCTTGGTCTAGAACATACGCCGTCGAGTGAGCTTTTCTAGTTAGGAATTCGGG
TACGCACATCTAGCAGAGCGGAGAGACCATTAACTGTACTGAGAGCTCACGATACAGCTTTGGGTCGTTGTAAACGCACTTCTGTCAATATTCTTGCCAG
CTGCGCACCGACAGTTCGTGGAGCTTCGTACCCCACCATATGTTCCCCTCATCCCCACATACACTCCATCCGTTTATACACTAGAAGGCATAACGCTAGC
AGAGATTACCTCGTATAGACAATTACGTGTGCAACTTGTGCAGCTTAGAAGGCTGTCATCTGACTAGATCCCTACTAGCCACGAAGGTGAGGAAGATATT
TCATAAGATATACACCGTTACAAATATCAGGACGTGCGACACGTTACCGCTCTTACGACAGATGGTCTCGAAAGTCGAATTCACGTCTATGGCCCTATGT
ACACAGCGTGTAAATTGACCCTGCTATCGATTACACTGTCCCGAGTGCCCGGTACACGTACCGATTGTGCCCAGACATCACTGACTGTATTGGAAGTTGA
TCATGTGCATGCAGACCTTTGAAAAAAGGCGTTTGTCCAAACGAATTGAGCAGAGCCTTTATCTCCAGACTAGCGCGACTGAATGACCTATCATTTAATA
GCGTAGCTCTTCACCACGCGTCGGTCGTTACATACATTGGGTTCGGTTCTAAGGGGTTCCTGCCCATTAGTCTGCGAGGGTCTATATGCTTCAATCATCA
AGGGGGACCCCCTGAATATTGCAAGCGTCTGAGTGGCAGGATGGAGCGATCATCCGGTACGCAATGTTTACATGATGGGGGTGCTGTATTTACCTGGTTC
GGATTGAGGGAGAGAGCTGCCATAACGGCGGGAACGACATCAGTGTTCACAGTAGCCCCTCTGCCAATCTTCCTAGAAAACAGACCGCGAGAATCTAATT
CCTACTTGTTTCGCGTGGCGAGAGTTGCCCTTTCGGGAAAAGGGTGTACAGTAAGGGGTCCGACCACTGTCGCTATTTCCTAACCCACCGCTGATAAGAC
CGTCGCCTAGTTCTCCCATGGTTCCGGGAGGCCGAGAGCATCAGGGTGATGTACAGGAGTGTTTTTTTAGACGCTTGTTTAGTGTCGATGTACGATCAGA
TGTTTGCGAGAATAACCTCTTTGACACCCCGGCGTAGCGTTCGGTCTCTCATTGACGCGTGTGCTACCTGATATGCTCGACTGTGTATGGGACCACCCTA
AATGTGCCGTGGCTCGTATGGCCATGGCCCACAGATTCTGATGCAGAGACAGGTTGGCCCCACGAACAGCCGACGCCGGCACATGAGGATCTGTTCCGAT
CTTATTTGCCTCCCCCACGGACGCAGTAATAGCAGCTGACGGCAGCGTCTTTTTCGAAGAGTCGGCAGCAATAAATTATGTAGCCCGAGAGGCTACCCCC
GCCCAGATTCTGCCTACCGTACGATAATCGCGTTGCGGTATCTTCATAACATCTTGACGCCGCTGCCCAGGCTCCGTGTCTTGAATAATTGGATGTATGC
GCAATTGCATCACTGGTTTGCCTGTCGGAGACAGTCTTCGGAAAGGTCGTATGTATAAGACACTCCATGAGGGAAACGAGTACGGCACATTCGATGCGCC
GAAATCGAGTCGAACCTTTCTATTACTGGCATATAACTGCCACTTCCCTTCAACTCCTCTTGAGAATCCAGCCAAGTGCGATTACGAGAAATTCCCGACG
AAGTGTAGTGTCGCGACACGAATTCAGCGGGTCCTTTACGAGCGCTCTATGATCGGAGTGTACTGAGGCGGAGACACGACCGTTATCACCCCATTATGAG
TGATGACCTGGGGAGTTGTGAAGGGATGGTCGACAACAGATTTTTCTCCAAAGTAAATTTCTTGATGAGTACTAAGCCATCAAGCTGATCGCGTCGCGCC
GGCCCCGAAGGTTAGTGCGCCAGTTTCGCGGGTTAACCCCACCCGGCATTCATCACCACAGGTAGTACTGCACTGAAGCCCAGTCCCCCTACCCCGATTC
TTAGACATAGTGAATCGATGGACGTTTAAAGCCTCCATCGAGCATATGCCTAGAATGGCTTACTGTGTTATCTTCTGGTAGGCGCTGCTGGGTATACTGT
ATACTCCCTAACGATCAGCTTAACATCGGGCCTGTTGGCCTCAGCGCTCATACGCTGGACAGCGCGCACAAGAAGATTCTAATATCGCAACCTGTTATTC
CCGAGATGTTTGTTTTCTGATGTCCCGCACATGTCACAGCTGTCTGATCCCGCAATGATCCAATACTGGCAATCACACTCCCGAGACCGAGATATCCTGT
TGTGCATCAGGCATTTCGATGTTACGTGGCCCCGATCCTTCGTGCTCTACCACCCATATGATCTATCACGCGGGACCCCCCGTCACGCCGTTACTGTTGT
TTTGTAAGGCCTCATAACTATGGCCGATGGCCTCGACGATTCAGACCTGAGATTTTACGATGAAACTTGTAATGTGCCGGTCAGCTGCTCCGCGGAACAT
TCAAGTCAGGGATCCAAGATAGTGCCCCACCGTATGCATATCTACGTATCAGCATACCGGCATTAGAGTTTCTCGAGGACGTGCCCATTGTAACCGGGTC
ACGCGGAAAGACTCCAAACAAGCGATTCTTCTTCCCATGAGCAAGACGTTCTTACACTATAATGTACAGGCACAGACGATCCGCGTCGACCCGTCTGCCT
AACGAGATGGCCTGTTCTGATTAAGTTACTTCCTGTGCTTCATGAGTGGCCAATCGCTTGTCTAGATGGCCAACGGGCTCGGAGACGCTTCTGCAAAAAG
ACCCCTCCAACGCGCGATCCACAATACTGCATAAAGAACTAAGTCGGAAAGAACGCTTATGATAAGATGCTTACCTGTATGGATGTGGTATCAGCTACCC
CCGCGATCAGATCTAGAAATCACAGAAGCTGCTTATTCGGGTGGGCTTTGCGTTTTTACAACGTTCGGGTTAACCAATTCTTGTGTGAACCGCTAACCGG
GGTTTTGTGGGGATAAAGATATTATAGGGCTGACAGGCACGTCCTAGAATGCGTATGCACCTTCAAAGCCCGCCAGCTTTACGACCCACACCCAGGGCCT
CACTGCCTATGAATAGAGCAACTGCCTGTGAAAAATCTGTGCCGTTCCTGTCACGGGACGCCCGTCATCGCAAGGTCTATCACAGGCGTGTATAGTCATG
TGAGCGCATGTGAGGCTGATAGGTACCGTGTTACGCGCGTGGGGTAACGTGATTTACAGGCCGACTTGCTCACAGCTTGATTTAAGCACTGCGCTACCAA
TTTTCGAACCAGTCGTTTAAATCCATCATTTCAATGATACTAATGATGCGCCTTCCCGGTTTGGAGGCACAGTCGATCAATCCCCACGGGCGGATCCTTG
CTATACCCACTGTGGTTTCTATCACGGTTGGTGAATTGCAGTATCGCTAACGAGCGCGCTAGGAGCTTTGATGACCCTTCGTACTTGATATTGTATCCCA
GGGCGGATAGTGGTGACACACTCCGCTCCCCGTTTGAAATATGATCCCCTTCGGATCATTCGTGTGACGTCCGGAACCACTTGAAGGATGTCAGGACACA
TGGCGTTGTGATACGACAACCCGTCCGCAGGCAGGGGGTTTGGTAATCAGAGGCACGTTTCCACACAAACGCATTAATTGAGTGTTGAGAAAGGTGGGCA
GCTCCACGCGTGTAGTGTGTCGGACTCACCCATACGCGTGACCTAGGTTCCATCCCCAGTCAAAAACCTGGCCTGCGGGGGAAAGGGTCATGCATGTTCA
TGTTCTTCTGAGTAGCAGCGATTGGCCCTACGGGTAAACCACCACGCTCACAATGTCCTCGTTTCACTGCGGGTAATGGGAGGAGAGTGTAGGACTGGAT
GGGATCAACCATTTTTGCTTGCGTCCTTTCGCAGGAATCTGTTGGAACTAACTTTTAAAGGCCCTCTCAGTTCGTGGATCTCAGTTGTGGGAACCATTAC
AACGGCAGCAGTCGTAGCATATTTATGATGAACCAAGCGAGATGTTTGGTCCGAGATATGAAACTGCTGGATGCATAACGCGAGTTTTACTGGGGCATAG
AGGTTAGCCAGAACCCGGGGAACGACGTGGCTGCCGCTCTTTCTCAGCGATCTAGTTAGGGAACATCGGTCTTCAGGCGTTCCGCACGACTGATCCCTTT
CCTCCTATGTCAAGGTGATTATTCCTCCTACATAAGATAATGGCAAGGTGTGACACAGTGCCCGGACCTTCGGCTCTGCAGAGTGGCGAATGCTTAGATT
AAAGAAGAACCTTTCGCGCAGAAGTAAAAGACTTGCCGGCGCGCATCACGTAGCCCGGCTCCACTCCTATTTAAGCGCGTCCGGCTGATGCGTCGTCATT
