AGATGTCACAGGCGGCGAACATGACGCCGGATTCAACCGCCTCGTCAAGGTACAGGCGTTGATCCTGTGGCGATTTTTGTTATAGCGTCGACGTTAGGCG
ATCAAGGTAATATTTGCAACGTTGTCTCGCTACCGACCGGCATAGCTGTTCAAATCACTTACAGAGCGTTCGTATTCCGCAGCCTCACTATCGTACATTA
ATGCCACTGGCGACCTTTTGCCTGTAATTTAACGAGTTGTAGTAAACCTATGTCCGCGGACGACCGGAAGGCGCGACGAAATTTAACGAGGCCACAAATT
AGAAGTATTTAGCGGGCATGTAGAAACATAGAGATCGTGTTCCTAAGCCGATCCGGTTGTTTCTCATGTATAGAGACCCAGCTCGAACTGTGTCGCGTCG
ACGTTCGGTCTGCAACAAGGAGGAAACAAAGAGACAATATGGGCGGATCACTCTAACAATGCTCGAGCCGGGATTACTGGCTCATACTTGTATTGCTTAA
CCCTAGATGTGGCATCGCCGCCCCAGCTCAATATCCCTTGCCACCTACTGACGGACAGATCGTGCACCCGGGGAACAGTTCCGAAATGTGAGTCATCCGC
GTAAATTTGAGCAGAAGTGACTGACGACCCAGAAGCGGAGCTGCCTTGCCTCACTAGCGACGATTAGTGCAAGAGAGTATTGTGCAAAAACGAGCCTGCA
ATAGACCTTTGGCCATCGAACGGCGGTACGCCCTTATTACGCAACTCCTATCCACTCGATAGCGGGGTCCCGGCAGAGCAGTGTCAATGGGTCCGGGTCG
ACCCATGATAGGCGCGGGCACGAAACGTCCAGCGGGGTGATTTAATTTGAACTAATGCGCCTAGATATCGGCTCATCTCGGATTAACCAAACACTATGGA
CGTGAACATATCAGGCAGCCGGTTGCCCCAACCAGAAGGCTCCCTTTACGTGGACGTCCGCGTCTGCCAGACCAAAACAGTCAAAGGTCTTCATCTGTTG
CAGCTGAGTTACTACGTTCTAGCCTGTATGTTGCTGCTCACCGAAGCGTGCGCTAGACACTTTCCGTTGTTGAACCCCATGGAGATCATTCTAAGTCTAC
CGCTGAAGGGCCCCACCGTGGTAATCGGTTCCATTCACTCAGACTTCTTTTATCCAACACCGCAGGGATAACGAATGAGCATCATAGCGGACTAATGACT
GTGGTGTCTCAGCTCTAGCACCGGCACGTAATAGAGCCGTGCTCGCTTGCAGTTTGTGCGAGTAAGAGCACATTGGCGACAGAAGGCTGTGACGTAGTTT
ATAGCTGATTTCGACGACACCGACGCAAACTGATCAGTAAGTTGTAGCGGTCTTTGGCCGGCTCAATGCGAGTGTTCGGCTTTTCCTATGGTCTGGGGTG
CGAGTTTGAAGGATTAAACTAAAAAAACCTTTCATATTTGGCGTATGTGGGTTTGCAACGACACCGGCATCCACTTCCACTTAACTCAATGAGGTTCTTT
CCCGACCGGGGGGAGCTGAGCGACCGATCAGTTACGACTATAATAATTAAGCTTCATCAAAATACTTAAGCTGGCACCACAAATAAGCAACTGTGCCTCG
CGTCCGGGCCAGGGGGGCTTGAACTAGTCGCGAATCATCAGTGGCGGTCGGGCCCGTATTAAGAACCGTTCGCTTTCAGCACTCATGTCACCAAGCACAG
TTGTGTATGTGCTCAAATGGTTTTAACTCGTTAAATCTTGGTTGGACGCCAACCTCATCGTTCAGCGACTCCCCGAATGTTGCCGAGGAACGCGGGTAGT
CTGGAGAGCCGTGAATTCTAGTGGACTATTTTGGAGAAATTATAAAAGCTCGTCGATGATACTTTAGGATCTACATTAGCGTCCAGCGTTATACTACAAT
CCGCTCTGAAATCAGGTAGACGTTAGTAATCATAGAAGTTCACAATTCTCTCGGTACGACTTTTCCAGCTCCCGTGTTCTAGAGTCCATAGACTCCGAAC
GATCTATTAGCAGCTCCCTGGCAGCCAATAGGGGGAGGACACATCCGACGGATATCGCTGTCAGGGGGTTGTTTTGGAATGCGGTGTACAGAGGGTAGTA
GCCTCGCGGGAGTACTCTCGAAGCCATAGGAGTAGCCGAAGTGCGAATTGAGCTTGGCCCTTTGATGTACAACCTTTTGCCGCGCACATTCGTCGACAAG
ATTATGTTCGGTTGATGATGTCCAGTCGACCAATCCAGTTGCCTTTGCTCCACACTACGTTGTAAGATACGGAGTGACCGGTCCACCGCGTATAAGAATC
AAACCAGGCCATGGCCATGCCTGGTTCCCCGGCGGGACAATCAGCACGTTACGGTCTAGGGATAACTACGAAAGCCTGCTGGGAGACTAGTAAATACAGT
TTAACTCATAACACACGTGCCTAGTTTGATAGTTAAAGTTGAAGCTCTCCCGGTAACGCGGATGCAGTCGACTAGCCCTCGTCCTCCCCCCCGGGATTAA
ATTATGCGGATACACGCGGTTGCCAGTATGCACGAGGGCAAGTTAAGCGATAAGCGTCCGGCCAATCTACCGCTGAGGAAAAACTTCTTTCATTAATAAA
GCATGTACTAGACCTCTCTCTTCGTACCCATCAACTATCCCCGGTACTTCGGGTTTGCAATTCAAGAAGAAGAGCTCACAAATGTTATGAGGGAGACCGA
GGACCCAACATAGGGTAGGCGACATGATCCTCTTCCCGCCCTGGCGAGTCTACGCGCATAAAGCCGTGTGGGAGGCACCCAACGCAATGCACGCTGGTCA
AGCCCGCGTGGAGGTAAAATCCCCGGGAATATACCAAAAGGCTTCCGCCATCTGTTCACCTGAGTCTGACAATGTGAGGAACTACGCGGCAGTCCAGCGT
CTGTATGAACGCATTGTCGGTCTCGCAACAAGTTGATCTAGATCCGGCAGAGGCGCCTGCAACGACGACTGTCATGGCTATTTTAAGCAGCATTTACTGA
GATCACATCGCTTACGAATATCATCGTTATCCGCAAGAATTACCTGGACCTGTCTTCATCTCTGATGTCATCATGCCACTCCGTAACGCTCACCTGTCGC
GCACGCGGATCCCTAGCTACAACGCTATTAGCGACTAACATGGAGATTGAGCTTAGAGTTAACGCCGACAATTTCACTCCCACCAAGCTGAGGGTCGACG
TATTCCTTACCCCATTGGAAGTGCCCTGTAGTTGCTTTGGCATGCTGCAAAGGTTCGGACCGAGGCAGCACGTCTGCGCTCAGGTGCCGTTTGTCTAGCC
CCCTTCTAACAATACCAACAGAGCACGTATGGCTAGAGGCAAATCGGATGAGCACCTCTATAGGGCAGGTTCTCATTCCTAGTGCGTGGATGCGCGCCCT
TCCCAGCGACGTGGAGCAAAAATCATTTAGTGAACAGGGCGCAATGCGTAAAACAAGTGGCAACATTGATCGCGACTCACCTTGCCTGTGGTACAAGCGA
GCGCAGAACAGCGAATGAATTTCTTGGTAATTAGTCGTAAAAAGGGGAAAAAATCGAGGATAGGATCGTGTGGCATGTCACGATCACCTGAATTTGCTAG
CTAGATCGTGCCTTATAGTAATCCTGCCAGATCAGAATTGAGATCACTGTTAACGCCCAGTACATGACGGAAAAAGATCCCCCTCTATGTTCTAGTGAAA
AAGGAGGCGTTAGTGTAGACATATTGCACCCCGCTCTGTCTCTGAGGACAAGACAGTATTTCTAACTCCTAGCACTTGCGCGTGAGCGGTTAGCTTTAGC
GGACGGTCTATTACAGTGAGATCGAATGTGGTGGCGAACACTAAGTAGCCATCAGGCCCAGAGGCATCACCCCGGATATGACCTAAAACAGACGCATTGG
TTAATACCGGGCTCGGTTCTTCCGCACAACAGGCTATACTTGGCTTTCTGCTCACGTGGGTTCCAGTGTCACGCGCGTTAGTAGACCACTGCGGGGTAAA
TGTTTGGCGAAGTTCAGTTGCTAATTGGACCAATGGATTAAGAGGTGCTGAGCTTTTGAGGCCAGCCTGGACATAGACGTGGTAAGGATTCGTGATCCCT
GTACACTATAGGTCTTCACCCCGGTTCGTTCATTCCTTCCAGATACGTCAGTATATGCACCAAGCGCAGATAGGGTATTCGCAAGTGAGAGCCCTGGCAC
TTCCGTTGCGTAATAAACGCCGGATGACACGTCAGCGTTAACACATGGTACAGTGCCAAACCGCGAGTTACATCGCGACCGCCACACCTATTGTCTTTAA
GTTTTAGTTTACAGTTTGACCAACTGTCTTCATTGAAACATCTGACACTAGCTAAAACGGATAAAGGTGGAGGGCCAAATATCGCGCAACAAAGGGCCGC
GATTGACAATCCCCCCTGTCCTATGTCTAATGTTACTTACGACCGGGTGCCAGGCGGCCACCTTCCAGCATCAGGTAGAGGATATTACGACTACAAGTTT
GGGGGGGAGTATATTCGCAAGACTGGTATTCAGGCAAATCTTCCCTATTTTATGCTGACTTGAATTTACTAGCGGTTCACGCGTCCTGTAGGTCGTGGTC
GCATCAGTTTGGTTAGGTGAAGATTACGAACCGGTACTACATGGGGCGGAATTGCCAAATGGTCGTTTCCCCGAGGGTTAGGCAGTGTGTTGTACCAGGA
TGAGGAGACTTTTGAGGTGAATAGAACACACCCCGCTGTGGTTTAGCACGGGGATCCTTTGCAGATGCCGCCTGCATGAAGCACGGGGCTAACTAGATTG
GGGTCTCAGACGCAAATCGTTGCCCTAAGTACACGATGAAAACCATTTTCTGCGGGCATATTTTGAATTGGTTTAGGCGTCAAGTCCTCCTAATTGAAGA
TGGGCACCCATATCTGCACCGCACTACCAGTACAATCGACCCGACCTGAAAAAAGAGCTGTTACCCACTAATGTTAAAATGCCACAGATATTCTTTTGAA
GGCATGTGGCACGTTTAAGTGGGCCAGCAAGGCGAAGGACCGTGATGGAGGCAGAGGTGAAGCGTCTTCGGGCCAAACTTCTGGGCTGGATACTGTGCTT
TTCGTTCCGGCCCTCAGTCAATGTGGCCATTGTGTCGCATGCCCGTAAAAGGTACCGGGAATAACGCGTGGAGGCATACTTCCAGGGCACCACTTCAAAA
GGTTGTGGTGCTATTGGTTTATATTCACTGACCGGTCGTCCGACCCGAGCAAAGATATGTCAGTCTGATGAGCTGCTCCAATCCCTTTTAAAGACGACAC
TTCTGGAGTCATGACCTTTCGGCGATTAGCTCGCTGCCTCCTGTTGCAATGGCGGACGCAGAAACAGGAGGCGGCAATCCGTGAACGACAGAGTGTGTGT
TACGGAGGAACGGAGGATTAGGTTAACGGCCCAGCGCTCTTCATAACTAGTAGGTATCGCTCACTACACTGTATACTGCTGGACGCTGTAGTCTTGGCCC
CGCTTTCCCCTAACATGGTACCAATCGTCACTGCAGGATCTAAAGCTCGAGTCCTTCTTCGCCGTATTATGAATCCCTGGCCCAAGCATATGTCGCCAAA
TGTATAGGAGCCCGGATCCGCTGGAGCTCATGTGGTTCGTACCGACCCAGTCACTATGAATTTCGCGGAAGATCGCGCTCTGTAGGTTGATAGTCCCTCC
CTAGAAGGTTTAGAGAATCTGGCTTGCTATAAATGTGCGGTAGACCAGTAAACATGTTAGTTCCGCAGCCTTGCGTTGATTACGCCTGTGACACAGTCAC
GTTCGCGCATGGGAAGTTTCACAGCCACGCGGAGTAAGGACATCGGAGTCATAATCAAGTGATAAGAGCACGTGACATCGACAAAACGTGTTCGGGGCAC
AGTTCAAACAGCCCTAACGAAGAGGGCTCTATCTGACTCTGGTATTTTAGTTTTGTGTCCCGGCCAGTCCATCACACAGCGATTGAGACAAGACAGCCGT
CGGAGAGCGTATATGGGCCTGTAACCATCCGGGAGGAACCTAGAAATCCCTTTACTCGGGGTACAGGGACAGGGCAAAGATGTAAGCAAGCAAGTCTCTG
CCTAGGAATTCTTCAACACTTAGGAGAGGCTGGTGCACGATTCCAAGCTAACCCTTGCTGTGGGACAGGAGAAGTTTCTCATCCGAATTTGGCGAGGTGT
AGACATTCAAAGATCTAAATTGAGGGGCATCAGTGTGCCCTGTAGGTTTAAATGGAAACAAGTAAAGCTATGACTCGTACTGTTCTTTAGCGATAGTGCT
GTACACCTTTTCCCAAAATCCTTTGTGGACATTCCAAGGTTTTCGGTAGCGTCAAAGCTGAACACTCCTCAGGACCTGACGGTCTAGGTTCGCCAGCGCG
GTGCCATACTAAGCCTAAGGCTGGTTCTAGTAACCCGGTGACACTAGTATAGTTGATAGTCATTGTCGTCGACAGCGAGCATTGCGTCTCGTAGGGCATG
GGGCCACTGTCCTGAAATGTCTTCTGCCTAGCATAATTCGTTGCATGAGTCCCAGACATGCCTCCGGCACGGCCTTTTACGGGTTCAACCGGCTCTGCGA
GACTGTGCGCCCCCAGTCTGCGTAATGGACCGAGCTTTACATTGAGCGTAGGATCACCTGGACTGGCTAACATCGCTTATAAAGGCGTAAGCCAAGGTGC
GTTGCTAATAACACCATCGGCCGGGAATAATAGTCATAACTAATAGCTAGGGTTTCCGTCAGTAAAGAAATAACGAACCACCGTAAACCACGCGTACGAT
CCGTTAGCGACCGCCGTATAGCGAATGGGTTATAGATGTCTATCGGATAGGCGTCCCCGACTCGGAAGTACAATTGCCAATTAGTAGATGCCGCCGGCTT
CATGATACATGACCATTCTAAACCCTCCTGACAGTGAGGTGCAAATGGTACCTCAACTTACATGGCACTCGTTCAGGCTTATGGCGACATCTAGCGCATT
TCAAGTAATTATCATGGAGTCACAAGAATATAATCACAGGGCATGTGGGTAATTGCCCATTCCCCACCTCTATTAAACCTAAACCCCGAAGGGAAATGCC
ACAGGTTCATCTACCCGATATGGGGCATTACCCCTAATACTTGACGACAAGGCCCCCATTACGAAAGAGCGATCCTCGCTACACGCGGCAGCCCGTAGTA
AGAATTGGTCTGCTTAAGGCGACGAGTTCAGTGGAAGCCCAGCGCCAAGGCGTGCGAAGACTTTCGGCAAGCCGCAACGTCGTAGAATCATTACGATCTG
CTGTATTGTCACCGCCAAGTTCTGGCAATAGGATCATGGTGATTAAGTCTCGCCACTCGAATATAGGTCACTTGGGTGCTAAATAACCGCTCAAGAATAG
AGCGTCCGATAAGGAATCTATCATGCGTGTGGAATAGGATATCTTGCGTACGCAAGGCTCCTCCCTAGGAGACCAATAAGCTAATACGGCCTTCCCTTTT
TGATAGTCCGAGGTGCGAGACTCCATAGTTAGGAGCACAAATCGATCTGAATACCGAGCGCTCTGGGAGTGTTGAAACACACATGATTCGCGAAGCAGAG
GTGTCATTATAACTGAGTTTTGCCCGGTCGCGGAGCAATTATGCTACGTTCCTACGATTTCCACAGGCCCAGGCGCGACTGAAAACCATATAGAAACTAA
CCGCCAATCTATTTGTGTTGTTCGAAGATGGTCTCAGGTGTCGTTGAATATAACAAAATTCGATCTAGGTTGATGTGCTGCGTATAGACCAGTCACCTGA
AAGGGGAGCAGTCGCCGGAGCCTCCGCCGAGCTTATCCGCCGGGAATACCATAATACTTGTACCGCACGGGCCTTTTGACCTACATCAGGATAGTACAAC
TTGTACCACCAGTGGTATTGAAAATCGCTCCATACCTCGAACTAGCTTCGTGGGTAGGGTAAGCCTTCGAAGGCGAATAATTGTTCGCACAAGTGTCACG
CGCATGTCTAGCGTAGGGACGTCGCCACGGCTTTTAACAGATTCGACAGGCCTACTTACTACGGCCCGTATGTGTCTTCCAGGGCGGTAAAAGGCAACGA
CCCTCTACCCAGAATACAGGCGGCTAAACGATTGACGGCAGCGGTAAGGTGAGTGCAACGTGCTCAGGCTAAATTCCCGATGGTGTCTTCGGACAAGCCA
GGATTCGACCTAAAATTAACTTCATTAGACGATGGAAGAGGCTTAGCACAGGGACAAAGGTAAATACCTCATGGGTTTGGGTGGACATCAAAACCCGTGC
GGCGAGTTCAAATAAGTCTAGCCGCAGGCCTATCGGCATTGAACAAAGCGACCCATTAGAAAGTGTTGCCTCGCTTCTACAGGATCATAGCATTTTACTT
GAGGCCGCTCTCTGGTCGCGGCGTTCAAAGCCCCTGTTAGATCCGGTTGGTTCGTCGCATCAAACTGTCTCTTAGACCTCCATATATATTCATCCTCTGG
CCTTCGTCGAGAGCTCCCCCACAGTTTCTCGTAGCTTTTCTTAACACAACGGGAGTTCCGTTCGGACTCCGGTAAAGAGCAATGTACTCCCATTGATATA
TTTTCGCCAATCCTACGTGGATCGCCAAAAGAACCGAGCATTTCTACGCACGAGTTGCATTTGATCTCAAAAGCCAGGCGCATTACGTCCTGGCGCTCTT
AGTTATACGACCGACTAGACCCATTTTGACGTCGTTCAATCTGGCGTCCCATTGTGTGGGCTCGGCTGTATGGCCGGGAATGCCGAGGTGCTAACTTCCC
GCAGGTCCTCCCCTTATGCTAACCACCGAATGTACTCAAACGTGTCTGCGCGTATAAAGCTAATTACGGTGGCAAATCACGCGAAACAGTCGACTTGGAA
TATAGTCTCCTTGTGGAGGCAAAAGTCTAGTGTAGCATTGGCAGGCATTGATAGGTCTTATACCTCAAATACGCTACATCTGCTCGGTCCACCAGTTCAT
TTGATGGCGATCTCCAACTCAGAGCCTAAACTCTATGAGGTAAAGACGTATAACGAATCAGCATATTTCGACGATCCGTGGTTTGGGTGCGCCCATGGAA
CCGAATATAGAGGGTATATTATCCGTACGGACAATACGCGGCAGTTGGGCAAAACTCGTTGCTAGGCGATGACTCGGACGATTGGGTTCACACAGCTTCT
CACCGTGGTACCCCCAACTGTTGACAATCCGTAGCTCAGCGGCCGCTATGCCAGAAGTACCGAGGCTACCTGAGGGACTATCAGGTCGAGATATCAGTCT
AAGCGTGTAGGAGTCACTGTACTGGCACTAGTATTCCTTACTGGCAAGTCGGGACATACATTACGATCACCATATCCACTAAATTATAGATCTGATCAAA
TCGATTAGCACTGCTTATAAATAGTTCTCTATTATTTCCTGGCGATCTGTGATATGGGTCAGACACCTGGGAGTGTGGAAATTATATTTACGTATTTAGT
AAAGGCGAAGCCCAGGCTTCGATATACGATCACTTTTCGCACCAACCATGCAGCCAGCCTTGTTATTAAGCAGCGGAAATGGCCGAACGGGGAAGACTAA
TAGCTCAGAATTCGATCAATCCATGACACCGAAATCCCTCAAGGGGGGTACCGCGAAGGTACGAGCCCGTCGTGGACTTCCGTTCATTATGGGTGTACGC
CACCACTATCGGGAACCTGACGACTAATAGCAGTTCGTGACTAATATACCAGTTACCTGGCGGCTGACCGATCCTAAGGGCAACGGTCGCAAGAGAGGTG
TGACGTTGTACAGTGACTTCGGCCAGACATTGGACCTGGCAGAGTTTAATGCAAGTATGATTAAGTGAATCAAGGAACAGCTCTTACAACATATGTATTC
GTGGCGGTGTTAGTACTCGCCTGTCAGTCAGACCAACACTAAGGGCGAAAGTAACATTGAAAGGAAACACTACGTTCTAGTGAAATAGCGGGCGATATTT
