TAGGGAACGAGAAGTAGCGTGGCTGCTGCCGTATGCTTGCCCGTCTTACTCCAATAATTTTGCTTAGCCGCACACCGACAAAGAACATAGTGTGAACCTA
TCTCGTTCACCCCACGGTGTGTGCAAGTCGCGCACCACTTTTTATTACGTCCGTAGGCTAGAAGGCCATTCTCTGTGAGATCAACCACACTAAAATGCGC
CCCTCACCCACGTCCCGAGCTCATGATGCCAGTACCGAATTCGCCCAGCACTGGGTTAGCCGCACATCTCGCATTATCTCTCACACGTGCCGTACTACGC
GTCCCACGCGTAAGACTTTTTCGTACTACTATACAACTGCATTCGAATGCTCAGTTATACAGGGCTCGAGTAATGAGTTGCAGGCGCACACGTTGCTTTG
TCCTCAGCCGGTTCTTTTGGGAAAAGTCTCGGTACTACTGACTCTAAGTTCTTGCGGGCGCCCAGAGCATAGAAGAGGTCGCTTTTAGCTTGCCCCGACC
ATGAAGGATACAGCTACAGCGATCCCGAGTGGTTGTGCTTCTGGCGCGTAGATCTATGACGTTCTGTCGATTTTAGAGGCTTCGGTCGGGGCTGCTCATC
AAGCGAGGTGGTTGAGTAATGTTCCGGGCATCTATTGCGATGCCTGGTTAAAAGATTCTCTGAAGCGTCTTACAATGATATACCCACCGGGCGTACCAGA
ACTCCTCATCGAGGATCGACCACATCACTGCCTACGAACACCAGCACTCCCAGGGCAGGGCACGGAGCATTTTGTTATCTGTAGTAGCAATGATCCCCGT
CCGCTCCAGGTCTCCAGAACGAACATAAAGCGGGAGCACTTCATACTAGAAATCAAGCGTCTTGACTGAGTCCCGGGGGACTCGGTCACGCGTATTCTAT
GTACACAATATTCCCGGGTTCGTGCATGGAGTTCGCGTTCACCCCCGGTAGCGCGCTCAAAGGTCGTCAGTATGTTTGGCGACAGTGAAGTTTCATGATT
TTCGCTAGAGATAACGATCACGAAAGACTAAACAGTACTCGAACGCAAAGAACGCTCAATCTGATCGTTGTAGCGCACGGCTTCGTAGAACGGTAAACTA
AAAATCCGGTCGTGTCCAGGCTTTGCGATCTACACCTCTGACCTGGCAATCTAAGGCGCCGGGGGTCACCATCGATTAACTCTAAAAGCATGCCAATTGG
GGCTCGCCATGGCGCAACAAACGGTGGGCGTATCAGACCATACCTCCGTTTCATGGACCAACACACGCCAAAAGGGCACACGGTGAGCGCCGATTCATAG
GACATTATAAGGTGCTGCCCAGAAGGGCTGCCGTCGGTCAAATTATTCTGTCATGAAACAGCTGCAATACTTTAGATGCAGCACGCATAACCTGCTACGA
TACTGGTACCCCCGAGGAAGGCGTCGCTCAAAAATCGGCCGCTATGTGGTTATGAGCAGCCGTTCTCCTCCCTAATGCCCACTCGGCGGTTGTTAAAGTA
CTATGCGCTCCCCTGAGAGCTCTTCTCCAGTATTTCGAGACCCCTCTCTCTCGTCCGGAAACCTGGAATGTGTGCAATCTGTTAGAGTGCTGAGAGTCAC
ATATCTAGTGCTGGTATACCATGTACGCGTTGTAAACCCTGCCGCTTTTTTCCCGTTTAAGTGCAGACCATAGCATTAGTCACGGTCGTGCATGAGGACG
CGTAAAATAAAGGCAGAGCCTTACGTAGACGTGTGTAGGGCATCGAACTACCGCTTAGACTTCGCTGTTGGGTCTGACTAACAACGGATGGCCTATCCCC
GGGGGAAACCCAACTGGCCAGGGTTAGAGTAGTGGCACGTTATGCCCCACCGTCTCTATCACGATTCACTCAGATCGTTTCATGCTCTGCTAACTTTCAC
GATAGGTCCTATCAACGACAACAACTAAGGCTGAGGAGGTGCAGCGCTAAGCCGGTAATCAGATATCAAAATGACGTACGGCAAATGTAATCACATTTCA
GAGCTCTACCTCAACGAGGGCAAGACTCTTCTATGAGTCCAATGAGCCGCGGTTTCAAGTAACTACGATTTCTTCCTATACGCTGTAGGTAGGGTGTGTG
TCTGGTGGGTGCCAGAATCCTAATTGGGGGCTCAACCTGGCGCTTGGCCTACGTCCCGATGATCTCTACGAGCAAGAGGTCTAGAAGAGGGCATCTTCTC
CTCTAAGCAGGCTGCGTGTTTACTAGAGCCCCCCGAGTATACGTATGACTTTCGTCCTGCCGCCTAGGAAGCTGCTTCAGCTCATTCCAGGAGAGAGCGT
TATTCTACTCTTCCGCAGTCGCAATAGCAAACAGGGCTCCGTTCCTATTGCCACTCTATTCTTGATTAGAAGGATCCACTTCATGCGTCACGCAAAGTTG
TGAGTATGCGAGTCTAGAATAAATGCCCAGCCCATTCTGACCATGCAGTAGTTGGGACACGGCGAATCCATCTAGAGTATAGATTGTGCGTCTATGACTT
CTGACCCGAATCTCTTGCGTCGACTTTACTTTGCGGAGCATCTCATCGTCCAGGGACGAAGTTCTGCTGATAGACAGTCCCCAAGCTTAGTGGCGGGACA
AGAGTCATTGTTAATCATAATTAGAAACGGATCGCGGCCTTTCGGTATTCATCGCAGCCCCGAGCTCGGCTTACAGCCCGGGTAGGCCGGACTCAGCGCT
CCCTGTTAGCTAGCATGTCGGCTTTAAGTCACTGCCCATCGGTACTACTGCAATTCTATGCATGAGACAAGGGGCCTGTTGCGGCCATCCGCGCCATTGG
GGGCCCACATCCTACAAAAGAGCCGAAAAAGTTGGATAGAAGTTGTTACCGATCACGAAACGCAGAATCAGCTAAATAGGGAGCGCAAGTGGCTCAACAA
CCTGATGCCGTCAAATTAGGACGATAGCGAAAGCAAAAATTTACCTATGTTGCTCGTAACGGCTCGCCAGGAACCAGCGCAGTTGGATAAAGAAATGGGA
GGTCATTTAGAACGGTTGGGATGCTTGGGGACGTAGACTCTATGGCCACCAGACATCTATTTGCGGGACCAGTGTGGTGACAAAGAGCAACCATTGCGTT
CAATCGTACGGCTTGGTGCCCGAATGCTCTGCCTGCGAGCTAATACTAAACTAGGTCCTTATTACCAATACAGGTCTTGGGTCCGGCCCATTAAAGCGAA
CTGCATGCTTAGTTTCTCAAGACAGGGCCACTCAAGGATCGAGAGTGATAACTCGGGGCTAGTGCGTAATGGGAACCAGTTGCAAGTCCCAATTAGAATA
TTACTAAGCAGACAGGGCCATCTGTCAAGACATTCACTATCTCATATATATAACTCGTCGATCTCGCCAGGCTGCTTGTCCCGAGCAGCTTGGCTCCCAT
TGGGATGGCACCTTTAGGATTTACACAGAGAAGAGTAGTACACGCGGGTCAGGCCGCAAGAGCAAGACGGAACGTAGTTATTAATAAAATGACTAAAGGT
AACTACCTTGAGGGTCATGCTACCGATGATTGGCTTCTCAATACTTAGACACAGAGATAACTACACACACAATACAAGGCCTTTAGTCCCTCTATCCATC
TTCGCGACTAGCTACGAACTCATTTAGCGCGTCAAGTTCTCCTATCCGGGTCACTAAATTCTCTCATGGCCAGCTATTGCGAGGTTGAGCTCGCCACCCC
GGCGTGTACGCCCCCTCGCCCTGACGTCGTCCGGCCAGCCTCCCGTAGGCTACTACTTGACTAAAAGCATTCGCTAGGCCATTGTCGACCACCCTGGATT
GAAGTACTCGCCATAGGTGAGAAGGCATCACTGATGGGCTCCATTTTTGAGGTGCCATAGCCTGACGAACGTAACAAAATTGTCTGAAATTCAATCGCCC
GGGAGACACTGGGCAGGTTCGTGATCTACGTGGAAGGGGGCTTCACACGTGCGTAAAAGAAGATTCATGGAAATGTACCCTTCATCAAGAGGCGTCCACA
CAGTTGTAATCTGCCCAGATGCAATGAGGAGGTGTAAGTGGATAGAGCCACAAGTGAATTAGCATGTAGATAGTGGGTGAAGGGGGAATCAATAGGGGGG
GACATTATAGTTGCACGCATACCATGCACGTATCTTTCCCACAAATTATGCGGCGGTTAACGTCCATTCAGCGATAGAGTCTTTCTACAATCTACTCCCG
AGACCCCCAGGGGGGTTGCCTCTCCTCGATCTCAAGAAGGGCTCCTATGAAAGGGAATCTAAGTTTTCCCTTTTCGTTCACTCAATCCTGGCAGCAGTGC
TGGATGCTTTGACAAGGGGTTAAGCCTCCCAGGAGTGACTGTCACGCCGTCGCAAGTACTTCCCTTACGGCGGGGGTCGTCATAGGGCACATTCGCAAAA
ATTGAAATACATTAAGGACCGCCCACCGTCAATAAGATCTGCGATGATAACAGAATGAACACGACACTTAGGAAAACCGTATTTCCCAGAAGTCGCGGTA
GATATATGGAAAGGACGGGACGTCGCGCTGGGAGAACACAGTCCGCAACGAGGCGCCGGACTGGCTTAACCGGAAGTATCGTTGAACGTGGCGAACGGGT
TTTTTTATGTGCCCAGCCCGAACGTTCTATCCACTCACACCAATTACAAGAGCAACTGCGGCATTAGCCCTTGACGTACGCATTCCGCATACGTATGTGT
AAACACGAAAAGCGAGGTAAATCGTGTGGAGTATCCCTCCTAGAGCAAAGTAGCAACTTCCCGCACCGCGATGTTGAGACGTCGGTCCTCACGTATCATG
GCGCGTGGTTGATTCTTACAGTCTGTCGAACACGCGTAGACGACCTTTAAGCCCACCTCGAAATTTACATCTGTCCCCGGGCTTTTTCTATAGGCCCGCT
ATGCAGTAAAAAAAAAGATACAAGGACCTCGAAGATGTGACTAGCGTAGATCGATGGTGCGACGTTGAGGATTTGGGGATGGCCGCCTCAACGTCGTAAC
GCCTGAACCCATACGTACACAGCGGCCGGTTAAGCGGTCCCGGTATGCACCGACTTAGCTCTATCCGGTTTGGAACGGCGAGGTGAGCTCCCGTTCGGAA
ACGGGCAAGGCGTCTGAAGTTCACCGCGGTTCCGCTCGATGTGAAATTGAGACCTCTGGAACCATCGATTAACTACCTTTTTTGCTAGAGGACCAGTGAA
TAAGGGTGCAACTTATGAATCTTTTAGTTGCGGAGTGGAACATAGGACGATACGCGCTGACGGTCTGGTAATAACAGGGCAACAATATCACATCACGTGT
CCCATTCTGAAAAGCAGCCGAAAGGGGGAAATCTTGTGTTATTGGTATACCCCCGCTGCCGTTGGAATCTGAGTCACGAGGAAAAAGTGGTTCATCAGCA
GTGGGAGTAGAATGCCATTAATAAGTGATGCACGACGGGCGAGCTTGGAGACCGGCATCAGCGGTTCATTGAGCAGGCAGAGGGACTGACGACGTCCCTC
TACTTCGGGCGTGTTCGTTTAAGGAGTCTTCCCCGTTAACGTGACGCTGGCATGAATTCAATCGTATATCAAATGAAGCCTACAGGTATACACCCTCTTC
TCAGGGCGCCCGTGTCTTCAACGAATTGCAGCGTTTGTCTGCCGACTGCCGCGGAGTTTACGGCGTGCGCGCTCCGCACGCCCTCAATTATCGTTCGGGA
CTGTGATAGTTCCTCATCGATGGCCGAGACATTATCCAATGTTTGTAATCCGAGGAGCTCGGACGGGATAATAAACATTGACGCGCTGGGGAGTCTAATT
TGACTTTGAAGCGCTTCGTGCTCGCGAGCGTCAGAGGAGGACCCCGTGACGCCGAGTGTCATATATCAGTAGGAAAAGCAGTAGCTTATACTCTTATCCG
AGGTGCGAGCGCTCGGAATGAGGTCTGATATTTATTTGACATACACCGTCTGAATAAGGTCCCCACCTATTAACAGCGTGCACTTTTCCGGGGACTCCAA
CTACGGATCGCGGTTCATAATGGACAAGCGGTTCATTCATCCAACATCTCATTGACTACATTATTGTTTGAGTGGCTCTAGACGACATCTCACGGCGCCT
CCCCGTTTCGATCATGAGCTTGGCGGGCAGGAGTAGTTGGCCTCCTATAGCACGATCTTAGCGTTTGAATGTTTTGGTCTATTTGCAGCCCGTTTGATTG
GCCGCTATCATTCCAGGACATTGTTCAGGTAACAGATGTGCAGCTAAAGCTAGGGGCTCCCGCTGATAAGGACCTAAGGAATAATTGGATGTCGCTGTAG
TTGAACACTAGGTAATAATCCACTTGGAAAATTATCACGCTTTAATCGGGGGGACCTATGGTCTGTCAGTAGCGGGGATGCTGTCTAAAGTTGCATGAAG
TTGTGCAGCTCACCAACCCCGAATCCTGGGTAACATCAGGAGAATCCCGGACTGAACGTTTCTGTTTTTCCTCTCACCAAAAGAATACAAGTAACTCATC
GAGTGTATCTCAAAGCCCCGTTGGGTTGTCTGTGTTGAGGTCCGCCCATACCCCTTTGCAAGACTCCGTACTTGTAGCAACGTAGTTGATCAAACTCCTA
CCTCTTTAAGTCCACCTTGAATTGCGCTTTACTTGCATTTAAAGAACGATCAAGGAACAAGTAGCGCGTGAAGACTCGCAGGTTCGTACATCATACCGGC
CGCAATCCCGTCGAATACTTGACGGCGCTTCTCATGAAGAGCAGACACGACTTTTCGTTGGCTTCGGATCCTTACACTGGTAGCTCGCCCTTTAAGCGGC
AGGCGTTTGTTTCTCAGCACAACGGCCCATGGGCTATTGTATGGCGAAGGTTCGATAACGCCAGTCCGCCAATGTGGTAGCACCTTCATTGGGAGCCATC
TAATGCTTGTCTATAGGGGCTACAACCTCTGAAAATGGTGCCAGTCCAAGTACAGAGAAGGGTTATTTATATTTGGAGACGTTGTGTCGATCCCATTGTC
AAATACGGATCTGCTCGCTCTCTGATGGGAAACATACATCTATCCCACTCCAGTAAGTCCAAAAGGTCCAAGATTCCGTGTACTGTAGGAGATTGACGCA
GGATTGACGACCACTTCATGGCAGCAATACATTATGGATAGAGTAATCGCACCGTATCCGGGGTTTACATACTATGTTCAGGAGCTAGCCGTCACGGTTC
ACATGACTGCGATAAATGATTTGAGCCCTCCCACATCAGCCGTACGACCACCACAGAACGATCGGAGCGAGTGCAAATACGCTTTCCTTAGCCTGTCACT
ATGTTATGATAGTAAAGGATTCGGATGGTATGACCGCGGAGTGTTGGCGCCTAGGCTTCACCACTAGCACAGCGAATGTAGTTACTGAGTGTGACCGAGG
CTGAAGAGTTTAGTGTCCGCGTGGCTACCCGGGTGATTTGTGCAAAAAGTTGTCCACGTTCGTGGAACTGCCCCGCCCCAGCCCAGCCGATGCCCTAGGA
TACCTTACACAGAAAGTATAGCAATCACATCTGAAGAGGCGCGCGAGGACTGGCCCTAGCCGGCCCAGGGCTAGACAAATTTTAAAAATTACCGGCGTTG
AGAAAGCAACCTTTATTTGATAGGTGAGGCGCTTGCCGCCTGGGTCATAGCCAAACTTACGAAAACAGCCCACGCACATACGCAAGGAGGGCGCTACCGT
CACTGTCAGTAAGCATCCTTATTTTGAGGCCTTGTGGGCCGGAGTTTTAGAATGACGGGCCGAGTCAAATGGGAATGTGCTATTTCAAACAGGACAGTAC
CTTCCTAACTCCCTATGAGCTAGTCCAGTGGTAACCAGTTTTTAGCGTGTGCTTGTGGTGAGGGTACACTAACACCCTATCATATTGTGAGCTGCCAATT
GCAGGTACCATAGGGTTAGAAGCTACAGACGGCTAGTCAACGTGCGTGCCGCTCGACTAACTGGTTCTCTCCGCTGCTCGGGGGTTGGTTCACCTTCGCA
CTGCAAGGAGTTTTCTCGAGGTACTGCGTACGAGTGGGAACGAGAGTCCGATGACCTAGCTGAACCATCAAGATCGTCTAGCCATAGTATCGGCGCACGG
ACGCTGGTTCCGACTTCGGCCCTGGGTCAGTTGTTTTGCTATAACGCCTGAAAATGCCTGTCAGTGTCCAATCACCTTTCCAAACACAAATGCCAGCGCC
ATCGGCCCAAAATTAAGCTTCTGGGCTTTATGCTTTGCAAATCGTCTACAACCCATGACACTAGCGGTCCAATTATTCGGAGTTCATCGGATTATTTGGA
ATTAGTACGTTCTAATGAGAATTGGGAGCGCACACAGCGTGGATGGAGCCACGGCGGATCATACGGCAGCTCCGACGTTGCATGCGCCTAGACGCATGTC
GAGACACTCCACCGCAGGTTCCCCATTAGGTATTAAACTTGTAGTCACTACCCCTCTCCATAACTAATGCCACCCCTGTGGTCCATCCTAGACCGCACTC
CACATTATTCGGTACTCCCCAGTGGCAACCCTACGAATCAGATTCGTTGCATAGTCCGCTACTAATAGAACCATTATATCCGACACACTCAAGAAACATA
AACATTCACGTTTTCCAGTGTTATAGTACTCAGGCCTTAATTAGGGTACTTCAGCCCAGCCGTGAGATCTATGAGGAACTTGTTTGGTGTAGTTTGCGTG
TCAAGTCATGTATTTCTATAGGCGGGCACGCTGGGCATATCCAAGTCGCGGGGTGCTGTGGACGCACTCAAAGCGCAAACGGAAGCTAGCTTCTGATAGC
ACTTTTTCAATGGGACCAAGTAACTTTCAATTGCATACGGAGAAGGCGGACCACATACACACTTTGTAGCCCCCGCGAGGGCCCCCAGACTCAACTGTTC
CTGACGACGGAGGCTTGTCTCTAACCCGTATGAGCTCGCCTTCTTAGTTATAGAGGCTCGAATAAGCGCAGGTCGTACAAGGTTCCCTCTAGCTACCATG
TTACGTTCCGCGTTGAGGAAAAGCCTGAAGATGCAGAGATAACGTGTCCCGTTAAACTGACAGTTATCCTGGTCCAGGAACGGTGTGAGTTTGGGATGCG
CACTGTGCAAGGAACCTCATGCGCCACCGCATCGAGTCGCCTATATGTATAGCCACCAGTTAGGGTAACCAACTAATGGTTAACATTAGACCATACCTCG
CACTCAGCCCGCACACTGGGAATTAGTAATGTTTAGATCGCGACGTAACCGGGACTCGTATAACATGCGCTGGACAGACCTGCCGTGGCCCCCAGTTGTC
GTGACTGCGGGTTCCGCCCTGATAGGTGCTGGATCGGGCAAAGGCGTCATGGAGCAAATAGGAAGCTACAATAATTCATTAACAATCATTCCCCCCCTTA
CTGCTTGATACGTTGCTGTCGCATATAATTAGATCTTTCCGAGTTATTTATCTCAGGAAGCTTTCTTATCTACAAGGCTGGTTATTTCGAGACGTGAGGT
CGAATAGCATATCGTTTAGTACAGCTGTATGGATTACAGTGCCCAGTACTACAGGGCTGCTAATTCGGTACGTATGCTCGGCTATCTCGGACACATGGAA
CGCGTTGTCAAGTAATATATACCATCGTCCAGGAATCCTACGTAGAGCACGGTCAGTGACTCTGCGTTCCGCCTCTATCTGGGTTTTCACCGTGCAATCT
TGCTTTTTGCATATGTACTTCTCTACTCCCAAAAGCCGAACCCCATGTGTGGATCTGCGGAATCACCAGCGTAGCCTAAGGTTTACGAGATTGCGGTGGC
ATGGTGTCCCTGTACCACCCTAGACGGCAATAATCTCCCTACATTAGTAACACCGTATACAAATCTATACACCAGCCATCCTTTCTAGGTCCGACCCGGC
GCCCTTCTCGCTTGGAGGGGCGTTCGGGGGTACTACAGCGTCGGAGTCGCGAGGACATTTTATATCCATCACTAACCCCCATGCCTTCATAAGCCTCAAA
